// Jest Snapshot v1, https://goo.gl/fbAQLP

exports[`renders correctly 1`] = `
<div
  className="content"
>
  <div
    className="empty-content"
  >
    <p>
      No content found. Please try a different page.
    </p>
    <p
      className="empty-message"
    >
      No posts to show
    </p>
  </div>
</div>
`;
